// Jest Snapshot v1, https://goo.gl/fbAQLP

exports[`renders favorite page correctly 1`] = `ShallowWrapper {}`;
